configure: cmake -DCMAKE_BUILD_TYPE=Release .. -DCMAKE_TOOLCHAIN_FILE=/home/runner/work/_temp/0039978d-e021-411c-a785-631ff7c31441/emsdk-main/upstream/emscripten/cmake/Modules/Platform/Emscripten.cmake -DCMAKE_CROSSCOMPILING_EMULATOR=/home/runner/work/_temp/0039978d-e021-411c-a785-631ff7c31441/emsdk-main/node/24.19.0_64bit/bin/node
-- ===========================================
-- Building for WebAssembly (Emscripten)
-- Build Type: Release
-- ===========================================
-- Fetching nlohmann/json v3.12.0...
-- nlohmann/json: /home/runner/work/Green-Terminal-/Green-Terminal-/third_party/edgedepth-terminal/build/include/nlohmann/json.hpp
-- Fetching ImGui (docking branch, pinned)...
-- ImGui: /home/runner/work/Green-Terminal-/Green-Terminal-/third_party/edgedepth-terminal/build/_deps/imgui-src
-- Fetching ImPlot (pinned)...
-- ImPlot: /home/runner/work/Green-Terminal-/Green-Terminal-/third_party/edgedepth-terminal/build/_deps/implot-src
-- Fetching ZSTD v1.5.6...
-- ZSTD: /home/runner/work/Green-Terminal-/Green-Terminal-/third_party/edgedepth-terminal/build/_deps/zstd-src
-- Fetching Protobuf v21.12 for Emscripten...
-- Protobuf: /home/runner/work/Green-Terminal-/Green-Terminal-/third_party/edgedepth-terminal/build/_deps/protobuf-src
-- Using protoc libprotoc 3.21.12: /usr/local/bin/protoc
-- Protobuf generation configured:
--   Input:  /home/runner/work/Green-Terminal-/Green-Terminal-/third_party/edgedepth-terminal/protos/messages.proto
--   Output: /home/runner/work/Green-Terminal-/Green-Terminal-/third_party/edgedepth-terminal/build/pb/messages.pb.{h,cc}
-- 🚀 RELEASE BUILD - Optimized for production
-- ===========================================
-- Build Configuration Summary
-- ===========================================
-- CMake version:     3.31.6
-- C++ Standard:      C++20
-- Build type:        Release
-- Target:            WebAssembly (Emscripten)
-- 
-- External Libraries:
--   nlohmann/json:   v3.12.0
--   ImGui:           docking branch
--   ImPlot:          master branch
--   ZSTD:            v1.5.6
--   Protobuf:        v21.12 (lite)
-- 
-- Protobuf:
--   Compiler:        /usr/local/bin/protoc
--   Source:          protos/messages.proto
--   Generated:       /home/runner/work/Green-Terminal-/Green-Terminal-/third_party/edgedepth-terminal/build/pb/messages.pb.{h,cc}
-- 
-- Output:
--   HTML:            /home/runner/work/Green-Terminal-/Green-Terminal-/third_party/edgedepth-terminal/build/index.html
--   WASM:            /home/runner/work/Green-Terminal-/Green-Terminal-/third_party/edgedepth-terminal/build/index.wasm
--   JS:              /home/runner/work/Green-Terminal-/Green-Terminal-/third_party/edgedepth-terminal/build/index.js
-- 
-- ⚡ Production optimizations enabled:
--   - O3 optimization
--   - Link-time optimization (LTO)
--   - Closure Compiler minification
--   - No debug symbols
--   - No runtime assertions
--   - Smaller binary size
-- ===========================================
-- Configuring done (54.6s)
-- Generating done (0.1s)
-- Build files have been written to: /home/runner/work/Green-Terminal-/Green-Terminal-/third_party/edgedepth-terminal/build
